// Jest Snapshot v1, https://goo.gl/fbAQLP

exports[`ProductTitle Must show the component with a custom title 1`] = `
<span
  className="productDescription custom-class"
>
  Custom Product
</span>
`;

exports[`ProductTitle Must show title with the name of a product 1`] = `
<div
  className="productCard undefined"
>
  <span
    className="productDescription undefined"
  >
    Product Card NO Img
  </span>
</div>
`;
